// Jest Snapshot v1, https://goo.gl/fbAQLP

exports[`Should create snapshot 1`] = `
.c4 {
  cursor: pointer;
  padding: 2px 10px;
}

.c4:hover {
  background-color: #161616;
}

.c5 {
  cursor: pointer;
  padding: 2px 10px;
  background-color: #161616;
}

.c5:hover {
  background-color: #161616;
}

.c0 {
  display: -webkit-box;
  display: -webkit-flex;
  display: -ms-flexbox;
  display: flex;
  position: relative;
}

.c1 {
  cursor: pointer;
  display: -webkit-box;
  display: -webkit-flex;
  display: -ms-flexbox;
  display: flex;
  -webkit-box-pack: justify;
  -webkit-justify-content: space-between;
  -ms-flex-pack: justify;
  justify-content: space-between;
  -webkit-align-items: center;
  -webkit-box-align: center;
  -ms-flex-align: center;
  align-items: center;
  min-width: 200px;
  padding: 4px 10px;
  color: #919191;
  border: 1px solid #2b2b2b;
}

.c2 {
  margin-right: 8px;
}

.c3 {
  position: absolute;
  top: 100%;
  width: 100%;
  left: 0;
  padding: 2px 0;
  background-color: #111111;
  opacity: 0;
}

<div>
  <div
    class="c0"
  >
    <div
      class="c1"
      data-testid="VoteFilterSelect"
    >
      <div
        class="c2"
      >
        Vote average &gt; 
        3
      </div>
       
      <svg
        fill="currentColor"
        height="1em"
        stroke="currentColor"
        stroke-width="0"
        viewBox="0 0 320 512"
        width="1em"
      >
        <path
          d="M31.3 192h257.3c17.8 0 26.7 21.5 14.1 34.1L174.1 354.8c-7.8 7.8-20.5 7.8-28.3 0L17.2 226.1C4.6 213.5 13.5 192 31.3 192z"
        />
      </svg>
    </div>
    <div
      class="c3"
    >
      <div
        class="c4"
      >
        0
      </div>
      <div
        class="c4"
      >
        0.5
      </div>
      <div
        class="c4"
      >
        1
      </div>
      <div
        class="c4"
      >
        1.5
      </div>
      <div
        class="c4"
      >
        2
      </div>
      <div
        class="c4"
      >
        2.5
      </div>
      <div
        class="c5"
      >
        3
      </div>
      <div
        class="c4"
      >
        3.5
      </div>
      <div
        class="c4"
      >
        4
      </div>
      <div
        class="c4"
      >
        4.5
      </div>
      <div
        class="c4"
      >
        5
      </div>
      <div
        class="c4"
      >
        5.5
      </div>
      <div
        class="c4"
      >
        6
      </div>
      <div
        class="c4"
      >
        6.5
      </div>
      <div
        class="c4"
      >
        7
      </div>
      <div
        class="c4"
      >
        7.5
      </div>
      <div
        class="c4"
      >
        8
      </div>
      <div
        class="c4"
      >
        8.5
      </div>
      <div
        class="c4"
      >
        9
      </div>
      <div
        class="c4"
      >
        9.5
      </div>
      <div
        class="c4"
      >
        10
      </div>
    </div>
  </div>
</div>
`;
